[losangelesgeneralcontractor.com/index.html]
[backblue.gif]
[fade.gif]
[index.html]
[losangelesgeneralcontractor.com/feed/index.html]
[losangelesgeneralcontractor.com/comments/feed/index.html]
[joelco.wpenginepowered.com/wp-content/plugins/js_composer/assets/css/js_composer.mine1b2.css]
[joelco.wpenginepowered.com/wp-content/plugins/instagram-feed/css/sbi-styles.minfc7a.css]
[joelco.wpenginepowered.com/wp-content/plugins/simple-sitemap/lib/assets/css/simple-sitemapa25a.css]
[joelco.wpenginepowered.com/wp-content/plugins/contact-form-7/includes/css/styles40df.css]
[joelco.wpenginepowered.com/wp-content/plugins/everest-google-places-reviews/assets/frontend/css/jquery.mCustomScrollbar5b21.css]
[joelco.wpenginepowered.com/wp-content/plugins/everest-google-places-reviews/assets/frontend/css/egpr-stylea7f4.css]
[joelco.wpenginepowered.com/wp-content/plugins/everest-google-places-reviews/assets/backend/css/font-awesome/font-awesome.mina7f4.css]
[joelco.wpenginepowered.com/wp-content/plugins/everest-google-places-reviews/assets/frontend/css/jquery.bxslidera7f4.css]
[joelco.wpenginepowered.com/wp-content/plugins/everest-google-places-reviews/assets/frontend/css/animate5b21.css]
[joelco.wpenginepowered.com/wp-content/themes/Total/style7263.css]
[joelco.wpenginepowered.com/wp-content/themes/Total/assets/css/wpex-contact-form-77263.css]
[joelco.wpenginepowered.com/wp-content/themes/total-child-theme/style7263.css]
[joelco.wpenginepowered.com/wp-content/themes/Total/assets/css/wpex-mobile-menu-breakpoint-max7263.css]
[joelco.wpenginepowered.com/wp-content/themes/Total/assets/css/wpex-mobile-menu-breakpoint-min7263.css]
[joelco.wpenginepowered.com/wp-content/themes/Total/assets/css/wpex-wpbakery7263.css]
[joelco.wpenginepowered.com/wp-content/themes/Total/assets/lib/ticons/css/ticons.min7263.css]
[joelco.wpenginepowered.com/wp-content/themes/Total/assets/css/vcex-shortcodes7263.css]
[joelco.wpenginepowered.com/wp-includes/js/jquery/jquery.minaf6c.js]
[joelco.wpenginepowered.com/wp-includes/js/jquery/jquery-migrate.mind617.js]
[joelco.wpenginepowered.com/wp-content/plugins/everest-google-places-reviews/assets/frontend/js/jquery.mCustomScrollbar.concat.mina7f4.js]
[joelco.wpenginepowered.com/wp-content/plugins/everest-google-places-reviews/assets/frontend/js/jquery.bxslidera7f4.js]
[joelco.wpenginepowered.com/wp-content/plugins/everest-google-places-reviews/assets/frontend/js/wowa7f4.js]
[joelco.wpenginepowered.com/wp-content/plugins/everest-google-places-reviews/assets/frontend/js/egpr-frontend-scripta7f4.js]
[joelco.wpenginepowered.com/wp-content/plugins/revslider/public/assets/js/rbtools.min8331.js]
[joelco.wpenginepowered.com/wp-content/plugins/revslider/public/assets/js/rs6.minb02e.js]
[joelco.wpenginepowered.com/wp-content/plugins/wp-google-analytics-events/js/main5152.js]
[losangelesgeneralcontractor.com/wp-json/wp/v2/pages/6.json]
[losangelesgeneralcontractor.com/wp-json/index.html]
[losangelesgeneralcontractor.com/xmlrpc0db0.php]
[losangelesgeneralcontractor.com/wp-includes/wlwmanifest.xml]
[losangelesgeneralcontractor.com/wp-json/oembed/1.0/embedc00f.json]
[losangelesgeneralcontractor.com/wp-json/oembed/1.0/embed3078]
[www.google-analytics.com/analytics.js]
[joelco.wpenginepowered.com/wp-content/uploads/2020/02/favicon3-2.png]
[joelco.wpenginepowered.com/wp-content/uploads/2020/02/favicon152.png]
[joelco.wpenginepowered.com/wp-content/uploads/2016/03/who-we-are26b9.jpg]
[joelco.wpenginepowered.com/wp-content/uploads/2020/02/JOELCO-LOGO.png]
[joelco.wpenginepowered.com/wp-content/plugins/revslider/public/assets/assets/dummy.png]
[joelco.wpenginepowered.com/wp-content/uploads/2020/02/GENERAL-CONTRACTING_ICON_JOELCO-1.png]
[joelco.wpenginepowered.com/wp-content/uploads/2020/02/CUSTOM-HOME-BUILDING_ICON_JOELCO-1.png]
[joelco.wpenginepowered.com/wp-content/uploads/2020/02/BATHROOM-REMODELING_ICON_JOELCO-1.png]
[losangelesgeneralcontractor.com/company/index.html]
[joelco.wpenginepowered.com/wp-content/uploads/2020/05/BATHROOM-REMODELING_ICON_JOELCO-rev.png]
[losangelesgeneralcontractor.com/services/index.html]
[losangelesgeneralcontractor.com/gallery/index.html]
[joelco.wpenginepowered.com/wp-content/uploads/2020/02/ROOM-ADDITIONS_ICON_JOELCO2.png]
[losangelesgeneralcontractor.com/contact/index.html]
[losangelesgeneralcontractor.com/reviews/index.html]
[losangelesgeneralcontractor.com/blog/index.html]
[losangelesgeneralcontractor.com/general-contractors/index.html]
[losangelesgeneralcontractor.com/kitchen-remodeling/index.html]
[losangelesgeneralcontractor.com/custom-home-builder/index.html]
[losangelesgeneralcontractor.com/bathroom-remodeling/index.html]
[losangelesgeneralcontractor.com/room-additions/index.html]
[joelco.wpenginepowered.com/wp-content/uploads/2020/02/COMMERCIAL-CONSTRUCTION_ICON_JOELCO2.2c.delayed]
[losangelesgeneralcontractor.com/commercial-construction/index.html]
[joelco.wpenginepowered.com/wp-content/uploads/2022/10/image-5.png]
[losangelesgeneralcontractor.com/great-diy-bathroom-remodel-ideas/index.html]
[joelco.wpenginepowered.com/wp-content/uploads/2018/01/trust.png]
[losangelesgeneralcontractor.com/los-angeles-service-locations/index.html]
[losangelesgeneralcontractor.com/privacy-policy/index.html]
[joelco.wpenginepowered.com/wp-content/plugins/revslider/public/assets/css/rs6b02e.css]
[losangelesgeneralcontractor.com/sitemap/index.html]
[joelco.wpenginepowered.com/wp-includes/js/dist/vendor/regenerator-runtime.min3937.js]
[joelco.wpenginepowered.com/wp-includes/js/dist/vendor/wp-polyfill.min2c7c.js]
[joelco.wpenginepowered.com/wp-content/plugins/contact-form-7/includes/js/index40df.js]
[joelco.wpenginepowered.com/wp-content/plugins/cf7-google-analytics/js/cf7-google-analytics.min2e49.js]
[joelco.wpenginepowered.com/wp-content/themes/Total/assets/js/vendors/sidr.min6e0e.js]
[joelco.wpenginepowered.com/wp-includes/js/hoverIntent.min3e5a.js]
[joelco.wpenginepowered.com/wp-content/themes/Total/assets/js/dynamic/wpex-superfish.min7263.js]
[joelco.wpenginepowered.com/wp-content/themes/Total/assets/js/vendors/jquery.easing.min9e1e.js]
[joelco.wpenginepowered.com/wp-content/themes/Total/assets/js/total.min7263.js]
[www.google.com/recaptcha/apid341.js]
[losangelesgeneralcontractor.com/index.html]
[joelco.wpenginepowered.com/wp-content/plugins/contact-form-7/modules/recaptcha/index40df.js]
[joelco.wpenginepowered.com/wp-content/plugins/js_composer/assets/vc/alert.png]
[joelco.wpenginepowered.com/wp-content/plugins/js_composer/assets/vc/info.png]
[joelco.wpenginepowered.com/wp-content/plugins/js_composer/assets/vc/tick.png]
[joelco.wpenginepowered.com/wp-content/plugins/js_composer/assets/vc/exclamation.png]
[joelco.wpenginepowered.com/wp-content/plugins/js_composer/assets/images/icons/address-book.png]
[joelco.wpenginepowered.com/wp-content/plugins/js_composer/assets/images/icons/alarm-clock.png]
[joelco.wpenginepowered.com/wp-content/plugins/js_composer/assets/images/icons/anchor.png]
[joelco.wpenginepowered.com/wp-content/plugins/js_composer/assets/images/icons/application-image.png]
[joelco.wpenginepowered.com/wp-content/plugins/js_composer/assets/images/icons/arrow.png]
[joelco.wpenginepowered.com/wp-content/plugins/js_composer/assets/images/icons/asterisk.png]
[joelco.wpenginepowered.com/wp-content/plugins/js_composer/assets/images/icons/auction-hammer.png]
[joelco.wpenginepowered.com/wp-content/plugins/js_composer/assets/images/icons/balloon.png]
[joelco.wpenginepowered.com/wp-content/plugins/js_composer/assets/images/icons/balloon-buzz.png]
[joelco.wpenginepowered.com/wp-content/plugins/js_composer/assets/images/icons/balloon-facebook.png]
[joelco.wpenginepowered.com/wp-content/plugins/js_composer/assets/images/icons/balloon-twitter.png]
[joelco.wpenginepowered.com/wp-content/plugins/js_composer/assets/images/icons/battery-full.png]
[joelco.wpenginepowered.com/wp-content/plugins/js_composer/assets/images/icons/binocular.png]
[joelco.wpenginepowered.com/wp-content/plugins/js_composer/assets/images/icons/blue-document-excel.png]
[joelco.wpenginepowered.com/wp-content/plugins/js_composer/assets/images/icons/blue-document-image.png]
[joelco.wpenginepowered.com/wp-content/plugins/js_composer/assets/images/icons/blue-document-music.png]
[joelco.wpenginepowered.com/wp-content/plugins/js_composer/assets/images/icons/blue-document-office.png]
[joelco.wpenginepowered.com/wp-content/plugins/js_composer/assets/images/icons/blue-document-pdf.png]
[joelco.wpenginepowered.com/wp-content/plugins/js_composer/assets/images/icons/blue-document-powerpoint.png]
[joelco.wpenginepowered.com/wp-content/plugins/js_composer/assets/images/icons/blue-document-word.png]
[joelco.wpenginepowered.com/wp-content/plugins/js_composer/assets/images/icons/bookmark.png]
[joelco.wpenginepowered.com/wp-content/plugins/js_composer/assets/images/icons/camcorder.png]
[joelco.wpenginepowered.com/wp-content/plugins/js_composer/assets/images/icons/camera.png]
[joelco.wpenginepowered.com/wp-content/plugins/js_composer/assets/images/icons/chart.png]
[joelco.wpenginepowered.com/wp-content/plugins/js_composer/assets/images/icons/chart-pie.png]
[joelco.wpenginepowered.com/wp-content/plugins/js_composer/assets/images/icons/clock.png]
[joelco.wpenginepowered.com/wp-content/plugins/js_composer/assets/images/icons/control.png]
[joelco.wpenginepowered.com/wp-content/plugins/js_composer/assets/images/icons/fire.png]
[joelco.wpenginepowered.com/wp-content/plugins/js_composer/assets/images/icons/heart.png]
[joelco.wpenginepowered.com/wp-content/plugins/js_composer/assets/images/icons/mail.png]
[joelco.wpenginepowered.com/wp-content/plugins/js_composer/assets/images/icons/plus-shield.png]
[joelco.wpenginepowered.com/wp-content/plugins/js_composer/assets/images/icons/video.png]
[joelco.wpenginepowered.com/wp-content/plugins/js_composer/assets/images/toggle_open.png]
[joelco.wpenginepowered.com/wp-content/plugins/js_composer/assets/images/toggle_close.png]
[joelco.wpenginepowered.com/wp-content/plugins/js_composer/assets/images/flickr.png]
[joelco.wpenginepowered.com/wp-content/plugins/js_composer/assets/images/spinner.gif]
[joelco.wpenginepowered.com/wp-content/plugins/js_composer/assets/vc/remove.png]
[joelco.wpenginepowered.com/wp-content/plugins/js_composer/assets/css/js_composer.mine1b2.css]
[joelco.wpenginepowered.com/wp-content/plugins/instagram-feed/img/small-logo.png]
[joelco.wpenginepowered.com/wp-content/plugins/instagram-feed/css/sbi-styles.minfc7a.css]
[joelco.wpenginepowered.com/wp-content/plugins/simple-sitemap/lib/assets/css/simple-sitemapa25a.css]
[joelco.wpenginepowered.com/wp-content/plugins/contact-form-7/includes/css/styles40df.css]
[joelco.wpenginepowered.com/wp-content/plugins/everest-google-places-reviews/assets/frontend/css/mCSB_buttons.png]
[joelco.wpenginepowered.com/wp-content/plugins/everest-google-places-reviews/assets/frontend/css/jquery.mCustomScrollbar5b21.css]
[joelco.wpenginepowered.com/wp-content/plugins/everest-google-places-reviews/assets/frontend/css/images/badge_4_bg.png]
[joelco.wpenginepowered.com/wp-content/plugins/everest-google-places-reviews/assets/frontend/css/images/badge-6-rating.png]
[joelco.wpenginepowered.com/wp-content/plugins/everest-google-places-reviews/assets/frontend/css/egpr-stylea7f4.css]
[joelco.wpenginepowered.com/wp-content/plugins/everest-google-places-reviews/assets/backend/css/font-awesome/font-awesome.mina7f4.css]
[joelco.wpenginepowered.com/wp-content/plugins/everest-google-places-reviews/assets/frontend/css/images/bx_loader.gif]
[joelco.wpenginepowered.com/wp-content/plugins/everest-google-places-reviews/assets/frontend/css/images/controls.png]
[joelco.wpenginepowered.com/wp-content/plugins/everest-google-places-reviews/assets/frontend/css/jquery.bxslidera7f4.css]
[joelco.wpenginepowered.com/wp-content/plugins/everest-google-places-reviews/assets/frontend/css/animate5b21.css]
[joelco.wpenginepowered.com/wp-content/themes/Total/assets/images/quote.png]
[joelco.wpenginepowered.com/wp-content/themes/Total/assets/images/dotted-overlay.png]
[joelco.wpenginepowered.com/wp-content/themes/Total/assets/images/dashed-overlay.png]
[joelco.wpenginepowered.com/wp-content/themes/Total/style7263.css]
[joelco.wpenginepowered.com/wp-content/themes/Total/assets/css/wpex-contact-form-77263.css]
[joelco.wpenginepowered.com/wp-content/themes/total-child-theme/style7263.css]
[joelco.wpenginepowered.com/wp-content/themes/Total/assets/css/wpex-mobile-menu-breakpoint-max7263.css]
[joelco.wpenginepowered.com/wp-content/themes/Total/assets/css/wpex-mobile-menu-breakpoint-min7263.css]
[joelco.wpenginepowered.com/wp-content/themes/Total/assets/css/wpex-wpbakery7263.css]
[joelco.wpenginepowered.com/wp-content/themes/Total/assets/lib/ticons/css/ticons.min7263.css]
[joelco.wpenginepowered.com/wp-content/themes/Total/assets/cursors/close.ico]
[joelco.wpenginepowered.com/wp-content/themes/Total/assets/images/bullets/check.png]
[joelco.wpenginepowered.com/wp-content/themes/Total/assets/images/bullets/gray.png]
[joelco.wpenginepowered.com/wp-content/themes/Total/assets/images/bullets/blue.png]
[joelco.wpenginepowered.com/wp-content/themes/Total/assets/images/bullets/red.png]
[joelco.wpenginepowered.com/wp-content/themes/Total/assets/images/bullets/purple.png]
[joelco.wpenginepowered.com/wp-content/themes/Total/assets/images/dotted.png]
[joelco.wpenginepowered.com/wp-content/themes/Total/assets/css/vcex-shortcodes7263.css]
[app.ceemiagency.com/api/data/dataforms-pixel.html]
[losangelesgeneralcontractor.com/wp-json/wp/v2/pages/8.json]
[losangelesgeneralcontractor.com/wp-json/oembed/1.0/embedb6f2.json]
[losangelesgeneralcontractor.com/wp-json/oembed/1.0/embed4b2a]
[joelco.wpenginepowered.com/wp-content/uploads/2016/03/testimonials-header-1c7c1.jpg]
[joelco.wpenginepowered.com/wp-content/uploads/2020/06/Los-Angeles-Builders-and-contractors-scaled.jpg]
[joelco.wpenginepowered.com/wp-content/uploads/2020/06/General-Contractor-Los-Angeles-Joel-805x1024.jpg]
[losangelesgeneralcontractor.com/company/index.html]
[losangelesgeneralcontractor.com/wp-json/wp/v2/pages/12.json]
[losangelesgeneralcontractor.com/wp-json/oembed/1.0/embed4184.json]
[losangelesgeneralcontractor.com/services/index.html]
[losangelesgeneralcontractor.com/wp-json/oembed/1.0/embedbd09]
[losangelesgeneralcontractor.com/wp-json/wp/v2/pages/14.json]
[losangelesgeneralcontractor.com/wp-json/oembed/1.0/embed0a96.json]
[losangelesgeneralcontractor.com/wp-json/oembed/1.0/embed9eac]
[losangelesgeneralcontractor.com/portfolio-item/new-construction-encino/index.html]
[joelco.wpenginepowered.com/wp-content/uploads/2017/09/Encino-Custom-Home-Builder-Cover.jpg]
[losangelesgeneralcontractor.com/portfolio-item/new-construction-project-los-angeles/index.html]
[joelco.wpenginepowered.com/wp-content/uploads/2017/01/New-Construction-Project-Los-Angeles.jpg]
[losangelesgeneralcontractor.com/portfolio-item/new-construction-project-beverly-hills/index.html]
[joelco.wpenginepowered.com/wp-content/uploads/2017/01/New-Construction-Project-Beverly-Hills.jpg]
[losangelesgeneralcontractor.com/portfolio-item/condo-remodel-calabasas/index.html]
[joelco.wpenginepowered.com/wp-content/uploads/2021/01/Copy-of-Master-Bath-1-scaled.jpg]
[losangelesgeneralcontractor.com/portfolio-item/kitchen-remodel-silver-lake/index.html]
[joelco.wpenginepowered.com/wp-content/uploads/2017/01/Kitchen-Remodel-Silver-Lake.jpg]
[losangelesgeneralcontractor.com/portfolio-item/kitchen-remodel-tarzana/index.html]
[joelco.wpenginepowered.com/wp-content/uploads/2017/03/Kitchen-Remodel-Tarzana.jpg]
[losangelesgeneralcontractor.com/portfolio-item/kitchen-remodel-encino/index.html]
[joelco.wpenginepowered.com/wp-content/uploads/2017/03/Kitchen-Remodel-Encino.jpg]
[losangelesgeneralcontractor.com/portfolio-item/studio-remodel-tarzana/index.html]
[joelco.wpenginepowered.com/wp-content/uploads/2017/03/Studio-Remodel-Tarzana.jpg]
[losangelesgeneralcontractor.com/portfolio-item/kitchen-remodel-west-hollywood/index.html]
[joelco.wpenginepowered.com/wp-content/uploads/2017/03/Kitchen-Remodel-West-Hollywood.jpg]
[losangelesgeneralcontractor.com/portfolio-item/kitchen-remodel-brentwood/index.html]
[joelco.wpenginepowered.com/wp-content/uploads/2017/03/Kitchen-Remodel-Brentwood.jpg]
[losangelesgeneralcontractor.com/portfolio-item/bathroom-remodel-studio-city/index.html]
[joelco.wpenginepowered.com/wp-content/uploads/2017/03/bathroom-remodeling-Studio-City-2-1.jpg]
[losangelesgeneralcontractor.com/portfolio-item/bathroom-remodel-santa-monica/index.html]
[joelco.wpenginepowered.com/wp-content/uploads/2017/03/Bathroom-Remodel-Santa-Monica.jpg]
[losangelesgeneralcontractor.com/portfolio-item/bathroom-remodel-sherman-oaks/index.html]
[joelco.wpenginepowered.com/wp-content/uploads/2017/03/Bathroom-Remodel-Sherman-Oaks-1.jpg]
[losangelesgeneralcontractor.com/portfolio-item/bathroom-remodel-northridge/index.html]
[joelco.wpenginepowered.com/wp-content/uploads/2017/03/Bathroom-Remodel-Northridge.jpg]
[losangelesgeneralcontractor.com/portfolio-item/room-addition-woodland-hills/index.html]
[joelco.wpenginepowered.com/wp-content/uploads/2017/03/Room-Addition-Woodland-Hills.jpg]
[joelco.wpenginepowered.com/wp-content/uploads/2017/03/Room-Addition-Tarzana.jpg]
[joelco.wpenginepowered.com/wp-content/uploads/2017/03/Bathroom-Remodel-Culver-City.jpg]
[losangelesgeneralcontractor.com/portfolio-item/room-addition-tarzana/index.html]
[joelco.wpenginepowered.com/wp-content/uploads/2017/01/Bathroom-Remodel-Los-Angeles.jpg]
[losangelesgeneralcontractor.com/gallery/index.html]
[losangelesgeneralcontractor.com/portfolio-item/bathroom-remodel-culver-city/index.html]
[losangelesgeneralcontractor.com/portfolio-item/bathroom-remodel-los-angeles/index.html]
[losangelesgeneralcontractor.com/wp-json/wp/v2/pages/2415.json]
[losangelesgeneralcontractor.com/wp-json/oembed/1.0/embed3aec.json]
[losangelesgeneralcontractor.com/reviews/index.html]
[losangelesgeneralcontractor.com/wp-json/oembed/1.0/embedc534]
[losangelesgeneralcontractor.com/wp-json/wp/v2/pages/1176.json]
[losangelesgeneralcontractor.com/wp-json/oembed/1.0/embed722f.json]
[losangelesgeneralcontractor.com/wp-json/oembed/1.0/embed8ee0]
[losangelesgeneralcontractor.com/top-general-contractors-los-angeles-sets-joel-co-construction-apart/index.html]
[joelco.wpenginepowered.com/wp-content/uploads/2018/02/Choosing-contractor.jpg]
[losangelesgeneralcontractor.com/looking-room-addition-contractor-los-angeles-know/index.html]
[joelco.wpenginepowered.com/wp-content/uploads/2018/02/work-architecture.jpg]
[joelco.wpenginepowered.com/wp-content/uploads/2017/12/building-a-house-in-los-angeles.jpg]
[losangelesgeneralcontractor.com/thinking-building-house-los-angeles-break-ground-2018/index.html]
[joelco.wpenginepowered.com/wp-content/uploads/2017/01/Start-The-New-Year-Off-Right-With-Home-Renovation-Or-Remodeling.jpg]
[losangelesgeneralcontractor.com/start-new-year-off-right-home-renovation-remodeling/index.html]
[losangelesgeneralcontractor.com/hvac-maintenance-tips/index.html]
[joelco.wpenginepowered.com/wp-content/uploads/2017/01/Custom-Home-Builder-Los-Angeles_23.jpg]
[losangelesgeneralcontractor.com/refinish-replace-hardwood-floors/index.html]
[joelco.wpenginepowered.com/wp-content/uploads/2016/12/Joel-Co-Construction.jpg]
[losangelesgeneralcontractor.com/consider-granite-countertops/index.html]
[joelco.wpenginepowered.com/wp-content/uploads/2016/12/Silverlake-Home-Remodel_6162-1.jpg]
[losangelesgeneralcontractor.com/signs-you-need-a-new-roof/index.html]
[joelco.wpenginepowered.com/wp-content/uploads/2016/12/Woodland-Hills-contractor-18.png]
[losangelesgeneralcontractor.com/blog/index.html]
[losangelesgeneralcontractor.com/blog/page/3/index.html]
[losangelesgeneralcontractor.com/blog/page/2/index.html]
[losangelesgeneralcontractor.com/wp-json/wp/v2/pages/18.json]
[losangelesgeneralcontractor.com/wp-json/oembed/1.0/embedb163.json]
[losangelesgeneralcontractor.com/wp-json/oembed/1.0/embed412a]
[joelco.wpenginepowered.com/wp-content/plugins/instagram-feed/img/placeholder.png]
[losangelesgeneralcontractor.com/contact/index.html]
[joelco.wpenginepowered.com/wp-content/plugins/instagram-feed/js/sbi-scripts.minfc7a.js]
[losangelesgeneralcontractor.com/wp-json/wp/v2/pages/302.json]
[losangelesgeneralcontractor.com/wp-json/oembed/1.0/embedbd38.json]
[losangelesgeneralcontractor.com/wp-json/oembed/1.0/embedc21e]
[losangelesgeneralcontractor.com/about/index.html]
[joelco.wpenginepowered.com/wp-content/uploads/2016/03/Screen-Shot-2016-03-14-at-3.35.jpg]
[losangelesgeneralcontractor.com/general-contractors/index.html]
[losangelesgeneralcontractor.com/wp-json/wp/v2/pages/2065.json]
[losangelesgeneralcontractor.com/wp-json/oembed/1.0/embed442e.json]
[losangelesgeneralcontractor.com/wp-json/oembed/1.0/embeda10b]
[joelco.wpenginepowered.com/wp-content/uploads/2020/05/Screen-Shot-2020-05-26-at-9.13.58-PM.png]
[losangelesgeneralcontractor.com/custom-home-builder/index.html]
[losangelesgeneralcontractor.com/wp-json/wp/v2/pages/357.json]
[losangelesgeneralcontractor.com/wp-json/oembed/1.0/embedb302.json]
[losangelesgeneralcontractor.com/wp-json/oembed/1.0/embed64e6]
[joelco.wpenginepowered.com/wp-content/uploads/2020/06/Joel_Co_image.html]
[losangelesgeneralcontractor.com/kitchen-remodeling/index.html]
[losangelesgeneralcontractor.com/bathroom-remodeling/index.html]
[losangelesgeneralcontractor.com/room-additions/index.html]
[losangelesgeneralcontractor.com/commercial-construction/index.html]
[losangelesgeneralcontractor.com/great-diy-bathroom-remodel-ideas/index.html]
[losangelesgeneralcontractor.com/los-angeles-service-locations/index.html]
[losangelesgeneralcontractor.com/privacy-policy/index.html]
[losangelesgeneralcontractor.com/sitemap/index.html]
[losangelesgeneralcontractor.com/wp-admin/admin-ajax.html]
[joelco.wpenginepowered.com/wp-content/plugins/revslider/public/assets/css/rs6b02e.css]
[joelco.wpenginepowered.com/wp-content/plugins/instagram-feed/img/small-logo.html]
[joelco.wpenginepowered.com/wp-content/plugins/everest-google-places-reviews/assets/frontend/css/mCSB_buttons.html]
[losangelesgeneralcontractor.com/index2df4.html]
[losangelesgeneralcontractor.com/index678b.html]
[losangelesgeneralcontractor.com/services/general-contractors/index.html]
[losangelesgeneralcontractor.com/index0b69.html]
[losangelesgeneralcontractor.com/portfolio-item/new-construction-encino/index.html]
[losangelesgeneralcontractor.com/portfolio-item/new-construction-project-los-angeles/index.html]
[losangelesgeneralcontractor.com/portfolio-item/new-construction-project-beverly-hills/index.html]
[losangelesgeneralcontractor.com/portfolio-item/condo-remodel-calabasas/index.html]
[losangelesgeneralcontractor.com/portfolio-item/kitchen-remodel-silver-lake/index.html]
[losangelesgeneralcontractor.com/portfolio-item/kitchen-remodel-tarzana/index.html]
[losangelesgeneralcontractor.com/portfolio-item/kitchen-remodel-encino/index.html]
[losangelesgeneralcontractor.com/portfolio-item/studio-remodel-tarzana/index.html]
[losangelesgeneralcontractor.com/portfolio-item/kitchen-remodel-west-hollywood/index.html]
[losangelesgeneralcontractor.com/portfolio-item/kitchen-remodel-brentwood/index.html]
[losangelesgeneralcontractor.com/portfolio-item/bathroom-remodel-studio-city/index.html]
[losangelesgeneralcontractor.com/portfolio-item/bathroom-remodel-santa-monica/index.html]
[losangelesgeneralcontractor.com/portfolio-item/bathroom-remodel-sherman-oaks/index.html]
[losangelesgeneralcontractor.com/portfolio-item/bathroom-remodel-northridge/index.html]
[losangelesgeneralcontractor.com/portfolio-item/room-addition-woodland-hills/index.html]
[losangelesgeneralcontractor.com/portfolio-item/room-addition-tarzana/index.html]
[losangelesgeneralcontractor.com/portfolio-item/bathroom-remodel-culver-city/index.html]
[losangelesgeneralcontractor.com/portfolio-item/bathroom-remodel-los-angeles/index.html]
[losangelesgeneralcontractor.com/index202e.html]
[losangelesgeneralcontractor.com/index3195.html]
[losangelesgeneralcontractor.com/top-general-contractors-los-angeles-sets-joel-co-construction-apart/index.html]
[losangelesgeneralcontractor.com/looking-room-addition-contractor-los-angeles-know/index.html]
[losangelesgeneralcontractor.com/thinking-building-house-los-angeles-break-ground-2018/index.html]
[losangelesgeneralcontractor.com/start-new-year-off-right-home-renovation-remodeling/index.html]
[losangelesgeneralcontractor.com/hvac-maintenance-tips/index.html]
[losangelesgeneralcontractor.com/refinish-replace-hardwood-floors/index.html]
[losangelesgeneralcontractor.com/consider-granite-countertops/index.html]
[losangelesgeneralcontractor.com/signs-you-need-a-new-roof/index.html]
[losangelesgeneralcontractor.com/blog/page/2/index.html]
[losangelesgeneralcontractor.com/blog/page/3/index.html]
[losangelesgeneralcontractor.com/index0735.html]
[losangelesgeneralcontractor.com/index52e8.html]
[losangelesgeneralcontractor.com/about/index.html]
[losangelesgeneralcontractor.com/indexc257.html]
[losangelesgeneralcontractor.com/indexec1b.html]
